would set priority of 201 to 5
would set priority of 2445 to 5
would set IO priority for pid 19966 to class 3
would set priority of 1234567 to 3
would adjust OOM setting of pid 1234567 to -10
